src/Animation/Folder.tsx(78,5): error TS6133: 'e' is declared but its value is never read.
src/Animation/SplitText.tsx(173,8): error TS2745: This JSX tag's 'children' prop expects type 'never' which requires multiple children, but only a single child was provided.
src/Animation/SplitText.tsx(173,12): error TS2322: Type 'RefObject<HTMLParagraphElement | null>' is not assignable to type 'never'.
src/Animation/SplitText.tsx(173,22): error TS2322: Type 'CSSProperties' is not assignable to type 'never'.
src/Animation/SplitText.tsx(173,36): error TS2322: Type 'string' is not assignable to type 'never'.
src/app/home/content/dashboard/dashboard.tsx(701,17): error TS2322: Type '{ text: string; className: string; delay: number; animationFrom: { opacity: number; transform: string; }; animationTo: { opacity: number; transform: string; }; }' is not assignable to type 'IntrinsicAttributes & SplitTextProps'.
  Property 'animationFrom' does not exist on type 'IntrinsicAttributes & SplitTextProps'.
src/app/home/content/giver/giver.tsx(17,1): error TS6133: 'Aurora' is declared but its value is never read.
src/app/home/content/giver/page/candidate-review.tsx(2,19): error TS6133: 'cn' is declared but its value is never read.
src/app/home/content/promotion/page/promotion-detail.tsx(2,19): error TS6133: 'cn' is declared but its value is never read.
src/app/home/content/promotion/page/promotion-detail.tsx(3,32): error TS6133: 'PromotionItem' is declared but its value is never read.
src/app/home/content/promotion/page/promotion-detail.tsx(172,45): error TS2322: Type '{ color: string; label: string; }' is not assignable to type 'IntrinsicAttributes & FolderProps'.
  Property 'label' does not exist on type 'IntrinsicAttributes & FolderProps'.
src/app/home/content/promotion/page/promotion-detail.tsx(173,45): error TS2322: Type '{ color: string; label: string; }' is not assignable to type 'IntrinsicAttributes & FolderProps'.
  Property 'label' does not exist on type 'IntrinsicAttributes & FolderProps'.
src/app/home/content/promotion/page/promotion-detail.tsx(290,19): error TS2322: Type '{ items: { id: string; content: Element; }[]; }' is not assignable to type 'IntrinsicAttributes & ScrollStackProps'.
  Property 'items' does not exist on type 'IntrinsicAttributes & ScrollStackProps'.
src/app/home/content/promotion/promotion.tsx(7,1): error TS6133: 'Aurora' is declared but its value is never read.
src/app/home/content/recent/recent.tsx(62,9): error TS6133: 'isStarted' is declared but its value is never read.
src/app/home/content/recent/recent.tsx(63,9): error TS6133: 'isWip' is declared but its value is never read.
src/app/home/content/recent/recent.tsx(86,31): error TS6133: 'idx' is declared but its value is never read.
src/app/home/content/runner/runner.tsx(14,1): error TS6133: 'Aurora' is declared but its value is never read.
src/app/home/home.ui.tsx(2,1): error TS6133: 'ReactNode' is declared but its value is never read.
